{
    "versions": {
        "content": [
            [
                "versions.yml:md5,d68096f2e39f046ced7b8fb4672cae69"
            ]
        ],
        "meta": {
            "nf-test": "0.8.4",
            "nextflow": "23.10.1"
        },
        "timestamp": "2024-03-20T11:58:10.26615"
    }
}